// Jest Snapshot v1, https://goo.gl/fbAQLP

exports[`renders Home component correctly 1`] = `
<div>
  <div
    id="home"
  >
    <h2>
      Welcome to our page!
    </h2>
    <p>
      Lorem ipsum dolor sit amet consectetur adipisicing elit. Vel veritatis repellat maxime nulla quod eius ab maiores, illum quidem tenetur molestias iste hic id sed asperiores. Neque veniam culpa accusantium sapiente reiciendis hic saepe,
      <br />
      <br />
      nostrum quod officia eaque sit eos sed vero repellendus, dicta corrupti qui. Ad maiores consequuntur ipsam! Ipsa ipsam temporibus hic minima debitis at adipisci et voluptate labore, molestiae assumenda fugit. Culpa nam libero cupiditate ut quos odio, earum rerum sit! Ut
    </p>
  </div>
</div>
`;
